// Jest Snapshot v1, https://goo.gl/fbAQLP

exports[`Should render AddExpensePage correctly 1`] = `
<div>
  This is from my create page
  <ExpenseForm
    onSubmit={[Function]}
  />
</div>
`;
